mx6ull_my_emmc.c:693:6:do_enable_parallel_lcd	8	static
mx6ull_my_emmc.c:156:5:power_init_board	0	static
mx6ull_my_emmc.c:237:5:dram_init	8	static
mx6ull_my_emmc.c:360:5:board_mmc_get_env_dev	0	static
mx6ull_my_emmc.c:368:5:mmc_map_to_kernel_blk	0	static
mx6ull_my_emmc.c:376:5:board_mmc_getcd	8	static
mx6ull_my_emmc.c:408:5:board_mmc_init	16	static
mx6ull_my_emmc.c:488:5:board_usb_phy_mode	0	static
mx6ull_my_emmc.c:496:5:board_ehci_hcd_init	0	static
mx6ull_my_emmc.c:606:5:board_eth_init	8	static
mx6ull_my_emmc.c:644:5:board_phy_config	24	static
mx6ull_my_emmc.c:731:5:board_early_init_f	8	static
mx6ull_my_emmc.c:738:5:board_init	8	static
mx6ull_my_emmc.c:779:5:board_late_init	8	static
mx6ull_my_emmc.c:803:5:checkboard	8	static
